
> xnths-blog@1.0.0 build /home/xnths/blog
> cross-env NODE_OPTIONS=--no-deprecation next build

   ▲ Next.js 15.4.10
   - Environments: .env
   - Experiments (use with caution):
     · serverActions

   Creating an optimized production build ...
Failed to compile.

./node_modules/.pnpm/@payloadcms+db-mongodb@3.78.0_payload@3.72.0_graphql@16.12.0_typescript@5.7.3_/node_modules/@payloadcms/db-mongodb/dist/queries/buildSearchParams.js
Attempted import error: 'escapeRegExp' is not exported from 'payload' (imported as 'escapeRegExp').

Import trace for requested module:
./node_modules/.pnpm/@payloadcms+db-mongodb@3.78.0_payload@3.72.0_graphql@16.12.0_typescript@5.7.3_/node_modules/@payloadcms/db-mongodb/dist/queries/buildSearchParams.js
./node_modules/.pnpm/@payloadcms+db-mongodb@3.78.0_payload@3.72.0_graphql@16.12.0_typescript@5.7.3_/node_modules/@payloadcms/db-mongodb/dist/queries/parseParams.js
./node_modules/.pnpm/@payloadcms+db-mongodb@3.78.0_payload@3.72.0_graphql@16.12.0_typescript@5.7.3_/node_modules/@payloadcms/db-mongodb/dist/queries/buildQuery.js
./node_modules/.pnpm/@payloadcms+db-mongodb@3.78.0_payload@3.72.0_graphql@16.12.0_typescript@5.7.3_/node_modules/@payloadcms/db-mongodb/dist/count.js
./node_modules/.pnpm/@payloadcms+db-mongodb@3.78.0_payload@3.72.0_graphql@16.12.0_typescript@5.7.3_/node_modules/@payloadcms/db-mongodb/dist/index.js
./src/payload.config.ts
./src/app/(frontend)/(sitemaps)/pages-sitemap.xml/route.ts

./node_modules/.pnpm/@payloadcms+db-mongodb@3.78.0_payload@3.72.0_graphql@16.12.0_typescript@5.7.3_/node_modules/@payloadcms/db-mongodb/dist/queries/buildSearchParams.js
Attempted import error: 'escapeRegExp' is not exported from 'payload' (imported as 'escapeRegExp').

Import trace for requested module:
./node_modules/.pnpm/@payloadcms+db-mongodb@3.78.0_payload@3.72.0_graphql@16.12.0_typescript@5.7.3_/node_modules/@payloadcms/db-mongodb/dist/queries/buildSearchParams.js
./node_modules/.pnpm/@payloadcms+db-mongodb@3.78.0_payload@3.72.0_graphql@16.12.0_typescript@5.7.3_/node_modules/@payloadcms/db-mongodb/dist/queries/parseParams.js
./node_modules/.pnpm/@payloadcms+db-mongodb@3.78.0_payload@3.72.0_graphql@16.12.0_typescript@5.7.3_/node_modules/@payloadcms/db-mongodb/dist/queries/buildQuery.js
./node_modules/.pnpm/@payloadcms+db-mongodb@3.78.0_payload@3.72.0_graphql@16.12.0_typescript@5.7.3_/node_modules/@payloadcms/db-mongodb/dist/count.js
./node_modules/.pnpm/@payloadcms+db-mongodb@3.78.0_payload@3.72.0_graphql@16.12.0_typescript@5.7.3_/node_modules/@payloadcms/db-mongodb/dist/index.js
./src/payload.config.ts
./src/app/(frontend)/(sitemaps)/pages-sitemap.xml/route.ts

./node_modules/.pnpm/@payloadcms+db-mongodb@3.78.0_payload@3.72.0_graphql@16.12.0_typescript@5.7.3_/node_modules/@payloadcms/db-mongodb/dist/queries/sanitizeQueryValue.js
Attempted import error: 'escapeRegExp' is not exported from 'payload' (imported as 'escapeRegExp').

Import trace for requested module:
./node_modules/.pnpm/@payloadcms+db-mongodb@3.78.0_payload@3.72.0_graphql@16.12.0_typescript@5.7.3_/node_modules/@payloadcms/db-mongodb/dist/queries/sanitizeQueryValue.js
./node_modules/.pnpm/@payloadcms+db-mongodb@3.78.0_payload@3.72.0_graphql@16.12.0_typescript@5.7.3_/node_modules/@payloadcms/db-mongodb/dist/queries/buildSearchParams.js
./node_modules/.pnpm/@payloadcms+db-mongodb@3.78.0_payload@3.72.0_graphql@16.12.0_typescript@5.7.3_/node_modules/@payloadcms/db-mongodb/dist/queries/parseParams.js
./node_modules/.pnpm/@payloadcms+db-mongodb@3.78.0_payload@3.72.0_graphql@16.12.0_typescript@5.7.3_/node_modules/@payloadcms/db-mongodb/dist/queries/buildQuery.js
./node_modules/.pnpm/@payloadcms+db-mongodb@3.78.0_payload@3.72.0_graphql@16.12.0_typescript@5.7.3_/node_modules/@payloadcms/db-mongodb/dist/count.js
./node_modules/.pnpm/@payloadcms+db-mongodb@3.78.0_payload@3.72.0_graphql@16.12.0_typescript@5.7.3_/node_modules/@payloadcms/db-mongodb/dist/index.js
./src/payload.config.ts
./src/app/(frontend)/(sitemaps)/pages-sitemap.xml/route.ts

./node_modules/.pnpm/@payloadcms+db-mongodb@3.78.0_payload@3.72.0_graphql@16.12.0_typescript@5.7.3_/node_modules/@payloadcms/db-mongodb/dist/queries/sanitizeQueryValue.js
Attempted import error: 'escapeRegExp' is not exported from 'payload' (imported as 'escapeRegExp').

Import trace for requested module:
./node_modules/.pnpm/@payloadcms+db-mongodb@3.78.0_payload@3.72.0_graphql@16.12.0_typescript@5.7.3_/node_modules/@payloadcms/db-mongodb/dist/queries/sanitizeQueryValue.js
./node_modules/.pnpm/@payloadcms+db-mongodb@3.78.0_payload@3.72.0_graphql@16.12.0_typescript@5.7.3_/node_modules/@payloadcms/db-mongodb/dist/queries/buildSearchParams.js
./node_modules/.pnpm/@payloadcms+db-mongodb@3.78.0_payload@3.72.0_graphql@16.12.0_typescript@5.7.3_/node_modules/@payloadcms/db-mongodb/dist/queries/parseParams.js
./node_modules/.pnpm/@payloadcms+db-mongodb@3.78.0_payload@3.72.0_graphql@16.12.0_typescript@5.7.3_/node_modules/@payloadcms/db-mongodb/dist/queries/buildQuery.js
./node_modules/.pnpm/@payloadcms+db-mongodb@3.78.0_payload@3.72.0_graphql@16.12.0_typescript@5.7.3_/node_modules/@payloadcms/db-mongodb/dist/count.js
./node_modules/.pnpm/@payloadcms+db-mongodb@3.78.0_payload@3.72.0_graphql@16.12.0_typescript@5.7.3_/node_modules/@payloadcms/db-mongodb/dist/index.js
./src/payload.config.ts
./src/app/(frontend)/(sitemaps)/pages-sitemap.xml/route.ts

./node_modules/.pnpm/@payloadcms+db-mongodb@3.78.0_payload@3.72.0_graphql@16.12.0_typescript@5.7.3_/node_modules/@payloadcms/db-mongodb/dist/queries/sanitizeQueryValue.js
Attempted import error: 'escapeRegExp' is not exported from 'payload' (imported as 'escapeRegExp').

Import trace for requested module:
./node_modules/.pnpm/@payloadcms+db-mongodb@3.78.0_payload@3.72.0_graphql@16.12.0_typescript@5.7.3_/node_modules/@payloadcms/db-mongodb/dist/queries/sanitizeQueryValue.js
./node_modules/.pnpm/@payloadcms+db-mongodb@3.78.0_payload@3.72.0_graphql@16.12.0_typescript@5.7.3_/node_modules/@payloadcms/db-mongodb/dist/queries/buildSearchParams.js
./node_modules/.pnpm/@payloadcms+db-mongodb@3.78.0_payload@3.72.0_graphql@16.12.0_typescript@5.7.3_/node_modules/@payloadcms/db-mongodb/dist/queries/parseParams.js
./node_modules/.pnpm/@payloadcms+db-mongodb@3.78.0_payload@3.72.0_graphql@16.12.0_typescript@5.7.3_/node_modules/@payloadcms/db-mongodb/dist/queries/buildQuery.js
./node_modules/.pnpm/@payloadcms+db-mongodb@3.78.0_payload@3.72.0_graphql@16.12.0_typescript@5.7.3_/node_modules/@payloadcms/db-mongodb/dist/count.js
./node_modules/.pnpm/@payloadcms+db-mongodb@3.78.0_payload@3.72.0_graphql@16.12.0_typescript@5.7.3_/node_modules/@payloadcms/db-mongodb/dist/index.js
./src/payload.config.ts
./src/app/(frontend)/(sitemaps)/pages-sitemap.xml/route.ts


> Build failed because of webpack errors
 ELIFECYCLE  Command failed with exit code 1.
